There were +50.000 row errors in this text file and we made error handling.